// Jest Snapshot v1, https://goo.gl/fbAQLP

exports[`HiddenWindow should render HiddenWindow component 1`] = `
<div
  className="hiddenWindow"
>
  <button
    className="hiddenWindow__playBtn"
    onClick={[MockFunction]}
    type="button"
  >
    â–º
  </button>
  <span
    className="hiddenWindow__signature"
  >
    Watch Now
  </span>
  <button
    className="hiddenWindow__infoBtn"
    onClick={[MockFunction]}
    type="button"
  >
    View Info
  </button>
</div>
`;
