// Jest Snapshot v1, https://goo.gl/fbAQLP

exports[`TopSort component should render TopSort component 1`] = `
<div
  className="top"
>
  <div
    className="top__wrap"
  >
    <div
      className="top__title"
    >
      <span
        className="title__text title__text_trending"
      >
        Trending
      </span>
      <span
        className="title__text title__text_rated"
      >
        Top Rated
      </span>
      <span
        className="title__text title__text_soon"
      >
        Coming Soon
      </span>
      <span
        className="title__text title__text_genre"
      >
        Genre
      </span>
      <div
        className="title__arrow"
      />
    </div>
    <div
      className="top__format"
    >
      <div
        className="format__box4"
      >
        <div
          className="box4 box4_topLeft"
        />
        <div
          className="box4 box4_topRight"
        />
        <div
          className="box4 box4_btmLeft"
        />
        <div
          className="box4 box4_btmRight"
        />
      </div>
      <div
        className="format__box2"
      >
        <div
          className="box2 box2_top"
        />
        <div
          className="box2 box2_btm"
        />
      </div>
    </div>
  </div>
</div>
`;
