// Jest Snapshot v1, https://goo.gl/fbAQLP

exports[`Header component should render Header component with props  1`] = `undefined`;

exports[`Header component should render Header component without props  1`] = `undefined`;
