// Jest Snapshot v1, https://goo.gl/fbAQLP

exports[`modules > trailer > useTrailer handleShowTrailer it handles API fetching errors 1`] = `[Error: Network Error]`;

exports[`modules > trailer > useTrailer handleShowTrailer it handles API fetching errors 2`] = `[Error: Request failed with status code 404]`;

exports[`modules > trailer > useTrailer handleShowTrailer it handles API fetching errors 3`] = `[Error: timeout of 0ms exceeded]`;
