// Jest Snapshot v1, https://goo.gl/fbAQLP

exports[`ButtonWatchNow should render ButtonWatchNow component with props 1`] = `
<Fragment>
  <button
    className="btn watchBtn"
    data-id="button-watch-now"
    onClick={[MockFunction]}
    type="button"
  >
    Watch Now
  </button>
</Fragment>
`;
