// Jest Snapshot v1, https://goo.gl/fbAQLP

exports[`Footer component should render Posts component 1`] = `
<footer
  className="footer"
>
  <div
    className="title"
  >
    <span>
      FILMS
    </span>
  </div>
  <div
    className="copyright"
  >
    <span>
      Copyright Â© 2018 d90375
    </span>
  </div>
</footer>
`;
